---
source: src/tree/mirror/streaming/remote/codec/tests.rs
expression: atlas
---
Initiator
  stream 00
    Match(Continue): rejected byte 00 class OpeningQuestion
    Match(End(Reply)): rejected byte 11 class OpeningQuestion
    Match(End(Stream)): rejected byte 22 class OpeningQuestion
    QueryEmpty(Continue): rejected byte 33 class OpeningQuestion
    QueryEmpty(End(Reply)): rejected byte 44 class OpeningQuestion
    QueryEmpty(End(Stream)): accepted len 1 hex 55
    Query(Continue): rejected byte 66 class OpeningQuestion
    Query(End(Reply)): rejected byte 77 class OpeningQuestion
    Query(End(Stream)): accepted len 19 hex 88000000000000000000000000000000000000
    Supply(Continue): rejected byte 99 class OpeningQuestion
    Supply(End(Reply)): rejected byte aa class OpeningQuestion
    Supply(End(Stream)): rejected byte bb class OpeningQuestion
    End(Reply): rejected byte cc class OpeningQuestion
    End(Stream): rejected byte dd class OpeningQuestion
  stream 01
    Match(Continue): accepted len 1 hex 01
    Match(End(Reply)): accepted len 1 hex 12
    Match(End(Stream)): accepted len 1 hex 23
    QueryEmpty(Continue): accepted len 1 hex 34
    QueryEmpty(End(Reply)): accepted len 1 hex 45
    QueryEmpty(End(Stream)): accepted len 1 hex 56
    Query(Continue): accepted len 19 hex 67000000000000000000000000000000000000
    Query(End(Reply)): accepted len 19 hex 78000000000000000000000000000000000000
    Query(End(Stream)): accepted len 19 hex 89000000000000000000000000000000000000
    Supply(Continue): accepted len 6 hex 9a0000000140
    Supply(End(Reply)): accepted len 6 hex ab0000000140
    Supply(End(Stream)): accepted len 6 hex bc0000000140
    End(Reply): accepted len 1 hex cd
    End(Stream): accepted len 1 hex de
  stream 02
    Match(Continue): accepted len 1 hex 02
    Match(End(Reply)): accepted len 1 hex 13
    Match(End(Stream)): accepted len 1 hex 24
    QueryEmpty(Continue): accepted len 1 hex 35
    QueryEmpty(End(Reply)): accepted len 1 hex 46
    QueryEmpty(End(Stream)): accepted len 1 hex 57
    Query(Continue): accepted len 19 hex 68000000000000000000000000000000000000
    Query(End(Reply)): accepted len 19 hex 79000000000000000000000000000000000000
    Query(End(Stream)): accepted len 19 hex 8a000000000000000000000000000000000000
    Supply(Continue): accepted len 6 hex 9b0000000140
    Supply(End(Reply)): accepted len 6 hex ac0000000140
    Supply(End(Stream)): accepted len 6 hex bd0000000140
    End(Reply): accepted len 1 hex ce
    End(Stream): accepted len 1 hex df
  stream 03
    Match(Continue): accepted len 1 hex 03
    Match(End(Reply)): accepted len 1 hex 14
    Match(End(Stream)): accepted len 1 hex 25
    QueryEmpty(Continue): accepted len 1 hex 36
    QueryEmpty(End(Reply)): accepted len 1 hex 47
    QueryEmpty(End(Stream)): accepted len 1 hex 58
    Query(Continue): accepted len 19 hex 69000000000000000000000000000000000000
    Query(End(Reply)): accepted len 19 hex 7a000000000000000000000000000000000000
    Query(End(Stream)): accepted len 19 hex 8b000000000000000000000000000000000000
    Supply(Continue): accepted len 6 hex 9c0000000140
    Supply(End(Reply)): accepted len 6 hex ad0000000140
    Supply(End(Stream)): accepted len 6 hex be0000000140
    End(Reply): accepted len 1 hex cf
    End(Stream): accepted len 1 hex e0
  stream 04
    Match(Continue): accepted len 1 hex 04
    Match(End(Reply)): accepted len 1 hex 15
    Match(End(Stream)): accepted len 1 hex 26
    QueryEmpty(Continue): accepted len 1 hex 37
    QueryEmpty(End(Reply)): accepted len 1 hex 48
    QueryEmpty(End(Stream)): accepted len 1 hex 59
    Query(Continue): accepted len 19 hex 6a000000000000000000000000000000000000
    Query(End(Reply)): accepted len 19 hex 7b000000000000000000000000000000000000
    Query(End(Stream)): accepted len 19 hex 8c000000000000000000000000000000000000
    Supply(Continue): accepted len 6 hex 9d0000000140
    Supply(End(Reply)): accepted len 6 hex ae0000000140
    Supply(End(Stream)): accepted len 6 hex bf0000000140
    End(Reply): accepted len 1 hex d0
    End(Stream): accepted len 1 hex e1
  stream 05
    Match(Continue): accepted len 1 hex 05
    Match(End(Reply)): accepted len 1 hex 16
    Match(End(Stream)): accepted len 1 hex 27
    QueryEmpty(Continue): accepted len 1 hex 38
    QueryEmpty(End(Reply)): accepted len 1 hex 49
    QueryEmpty(End(Stream)): accepted len 1 hex 5a
    Query(Continue): accepted len 19 hex 6b000000000000000000000000000000000000
    Query(End(Reply)): accepted len 19 hex 7c000000000000000000000000000000000000
    Query(End(Stream)): accepted len 19 hex 8d000000000000000000000000000000000000
    Supply(Continue): accepted len 6 hex 9e0000000140
    Supply(End(Reply)): accepted len 6 hex af0000000140
    Supply(End(Stream)): accepted len 6 hex c00000000140
    End(Reply): accepted len 1 hex d1
    End(Stream): accepted len 1 hex e2
  stream 06
    Match(Continue): accepted len 1 hex 06
    Match(End(Reply)): accepted len 1 hex 17
    Match(End(Stream)): accepted len 1 hex 28
    QueryEmpty(Continue): accepted len 1 hex 39
    QueryEmpty(End(Reply)): accepted len 1 hex 4a
    QueryEmpty(End(Stream)): accepted len 1 hex 5b
    Query(Continue): accepted len 19 hex 6c000000000000000000000000000000000000
    Query(End(Reply)): accepted len 19 hex 7d000000000000000000000000000000000000
    Query(End(Stream)): accepted len 19 hex 8e000000000000000000000000000000000000
    Supply(Continue): accepted len 6 hex 9f0000000140
    Supply(End(Reply)): accepted len 6 hex b00000000140
    Supply(End(Stream)): accepted len 6 hex c10000000140
    End(Reply): accepted len 1 hex d2
    End(Stream): accepted len 1 hex e3
  stream 07
    Match(Continue): accepted len 1 hex 07
    Match(End(Reply)): accepted len 1 hex 18
    Match(End(Stream)): accepted len 1 hex 29
    QueryEmpty(Continue): accepted len 1 hex 3a
    QueryEmpty(End(Reply)): accepted len 1 hex 4b
    QueryEmpty(End(Stream)): accepted len 1 hex 5c
    Query(Continue): accepted len 19 hex 6d000000000000000000000000000000000000
    Query(End(Reply)): accepted len 19 hex 7e000000000000000000000000000000000000
    Query(End(Stream)): accepted len 19 hex 8f000000000000000000000000000000000000
    Supply(Continue): accepted len 6 hex a00000000140
    Supply(End(Reply)): accepted len 6 hex b10000000140
    Supply(End(Stream)): accepted len 6 hex c20000000140
    End(Reply): accepted len 1 hex d3
    End(Stream): accepted len 1 hex e4
  stream 08
    Match(Continue): accepted len 1 hex 08
    Match(End(Reply)): accepted len 1 hex 19
    Match(End(Stream)): accepted len 1 hex 2a
    QueryEmpty(Continue): accepted len 1 hex 3b
    QueryEmpty(End(Reply)): accepted len 1 hex 4c
    QueryEmpty(End(Stream)): accepted len 1 hex 5d
    Query(Continue): accepted len 19 hex 6e000000000000000000000000000000000000
    Query(End(Reply)): accepted len 19 hex 7f000000000000000000000000000000000000
    Query(End(Stream)): accepted len 19 hex 90000000000000000000000000000000000000
    Supply(Continue): accepted len 6 hex a10000000140
    Supply(End(Reply)): accepted len 6 hex b20000000140
    Supply(End(Stream)): accepted len 6 hex c30000000140
    End(Reply): accepted len 1 hex d4
    End(Stream): accepted len 1 hex e5
  stream 09
    Match(Continue): accepted len 1 hex 09
    Match(End(Reply)): accepted len 1 hex 1a
    Match(End(Stream)): accepted len 1 hex 2b
    QueryEmpty(Continue): accepted len 1 hex 3c
    QueryEmpty(End(Reply)): accepted len 1 hex 4d
    QueryEmpty(End(Stream)): accepted len 1 hex 5e
    Query(Continue): accepted len 19 hex 6f000000000000000000000000000000000000
    Query(End(Reply)): accepted len 19 hex 80000000000000000000000000000000000000
    Query(End(Stream)): accepted len 19 hex 91000000000000000000000000000000000000
    Supply(Continue): accepted len 6 hex a20000000140
    Supply(End(Reply)): accepted len 6 hex b30000000140
    Supply(End(Stream)): accepted len 6 hex c40000000140
    End(Reply): accepted len 1 hex d5
    End(Stream): accepted len 1 hex e6
  stream 10
    Match(Continue): accepted len 1 hex 0a
    Match(End(Reply)): accepted len 1 hex 1b
    Match(End(Stream)): accepted len 1 hex 2c
    QueryEmpty(Continue): accepted len 1 hex 3d
    QueryEmpty(End(Reply)): accepted len 1 hex 4e
    QueryEmpty(End(Stream)): accepted len 1 hex 5f
    Query(Continue): accepted len 19 hex 70000000000000000000000000000000000000
    Query(End(Reply)): accepted len 19 hex 81000000000000000000000000000000000000
    Query(End(Stream)): accepted len 19 hex 92000000000000000000000000000000000000
    Supply(Continue): accepted len 6 hex a30000000140
    Supply(End(Reply)): accepted len 6 hex b40000000140
    Supply(End(Stream)): accepted len 6 hex c50000000140
    End(Reply): accepted len 1 hex d6
    End(Stream): accepted len 1 hex e7
  stream 11
    Match(Continue): accepted len 1 hex 0b
    Match(End(Reply)): accepted len 1 hex 1c
    Match(End(Stream)): accepted len 1 hex 2d
    QueryEmpty(Continue): accepted len 1 hex 3e
    QueryEmpty(End(Reply)): accepted len 1 hex 4f
    QueryEmpty(End(Stream)): accepted len 1 hex 60
    Query(Continue): accepted len 19 hex 71000000000000000000000000000000000000
    Query(End(Reply)): accepted len 19 hex 82000000000000000000000000000000000000
    Query(End(Stream)): accepted len 19 hex 93000000000000000000000000000000000000
    Supply(Continue): accepted len 6 hex a40000000140
    Supply(End(Reply)): accepted len 6 hex b50000000140
    Supply(End(Stream)): accepted len 6 hex c60000000140
    End(Reply): accepted len 1 hex d7
    End(Stream): accepted len 1 hex e8
  stream 12
    Match(Continue): accepted len 1 hex 0c
    Match(End(Reply)): accepted len 1 hex 1d
    Match(End(Stream)): accepted len 1 hex 2e
    QueryEmpty(Continue): accepted len 1 hex 3f
    QueryEmpty(End(Reply)): accepted len 1 hex 50
    QueryEmpty(End(Stream)): accepted len 1 hex 61
    Query(Continue): accepted len 19 hex 72000000000000000000000000000000000000
    Query(End(Reply)): accepted len 19 hex 83000000000000000000000000000000000000
    Query(End(Stream)): accepted len 19 hex 94000000000000000000000000000000000000
    Supply(Continue): accepted len 6 hex a50000000140
    Supply(End(Reply)): accepted len 6 hex b60000000140
    Supply(End(Stream)): accepted len 6 hex c70000000140
    End(Reply): accepted len 1 hex d8
    End(Stream): accepted len 1 hex e9
  stream 13
    Match(Continue): accepted len 1 hex 0d
    Match(End(Reply)): accepted len 1 hex 1e
    Match(End(Stream)): accepted len 1 hex 2f
    QueryEmpty(Continue): accepted len 1 hex 40
    QueryEmpty(End(Reply)): accepted len 1 hex 51
    QueryEmpty(End(Stream)): accepted len 1 hex 62
    Query(Continue): accepted len 19 hex 73000000000000000000000000000000000000
    Query(End(Reply)): accepted len 19 hex 84000000000000000000000000000000000000
    Query(End(Stream)): accepted len 19 hex 95000000000000000000000000000000000000
    Supply(Continue): accepted len 6 hex a60000000140
    Supply(End(Reply)): accepted len 6 hex b70000000140
    Supply(End(Stream)): accepted len 6 hex c80000000140
    End(Reply): accepted len 1 hex d9
    End(Stream): accepted len 1 hex ea
  stream 14
    Match(Continue): accepted len 1 hex 0e
    Match(End(Reply)): accepted len 1 hex 1f
    Match(End(Stream)): accepted len 1 hex 30
    QueryEmpty(Continue): accepted len 1 hex 41
    QueryEmpty(End(Reply)): accepted len 1 hex 52
    QueryEmpty(End(Stream)): accepted len 1 hex 63
    Query(Continue): accepted len 19 hex 74000000000000000000000000000000000000
    Query(End(Reply)): accepted len 19 hex 85000000000000000000000000000000000000
    Query(End(Stream)): accepted len 19 hex 96000000000000000000000000000000000000
    Supply(Continue): accepted len 6 hex a70000000140
    Supply(End(Reply)): accepted len 6 hex b80000000140
    Supply(End(Stream)): accepted len 6 hex c90000000140
    End(Reply): accepted len 1 hex da
    End(Stream): accepted len 1 hex eb
  stream 15
    Match(Continue): accepted len 1 hex 0f
    Match(End(Reply)): accepted len 1 hex 20
    Match(End(Stream)): accepted len 1 hex 31
    QueryEmpty(Continue): accepted len 1 hex 42
    QueryEmpty(End(Reply)): accepted len 1 hex 53
    QueryEmpty(End(Stream)): accepted len 1 hex 64
    Query(Continue): accepted len 19 hex 75000000000000000000000000000000000000
    Query(End(Reply)): accepted len 19 hex 86000000000000000000000000000000000000
    Query(End(Stream)): accepted len 19 hex 97000000000000000000000000000000000000
    Supply(Continue): accepted len 6 hex a80000000140
    Supply(End(Reply)): accepted len 6 hex b90000000140
    Supply(End(Stream)): accepted len 6 hex ca0000000140
    End(Reply): accepted len 1 hex db
    End(Stream): accepted len 1 hex ec
  stream 16
    Match(Continue): accepted len 1 hex 10
    Match(End(Reply)): accepted len 1 hex 21
    Match(End(Stream)): accepted len 1 hex 32
    QueryEmpty(Continue): accepted len 1 hex 43
    QueryEmpty(End(Reply)): accepted len 1 hex 54
    QueryEmpty(End(Stream)): accepted len 1 hex 65
    Query(Continue): rejected byte 76 class LeafParentReplies
    Query(End(Reply)): rejected byte 87 class LeafParentReplies
    Query(End(Stream)): rejected byte 98 class LeafParentReplies
    Supply(Continue): accepted len 6 hex a90000000140
    Supply(End(Reply)): accepted len 6 hex ba0000000140
    Supply(End(Stream)): accepted len 6 hex cb0000000140
    End(Reply): accepted len 1 hex dc
    End(Stream): accepted len 1 hex ed
Responder
  stream 00
    Match(Continue): accepted len 1 hex 00
    Match(End(Reply)): rejected byte 11 class OpeningReply
    Match(End(Stream)): accepted len 1 hex 22
    QueryEmpty(Continue): accepted len 1 hex 33
    QueryEmpty(End(Reply)): rejected byte 44 class OpeningReply
    QueryEmpty(End(Stream)): accepted len 1 hex 55
    Query(Continue): accepted len 19 hex 66000000000000000000000000000000000000
    Query(End(Reply)): rejected byte 77 class OpeningReply
    Query(End(Stream)): accepted len 19 hex 88000000000000000000000000000000000000
    Supply(Continue): accepted len 6 hex 990000000140
    Supply(End(Reply)): rejected byte aa class OpeningReply
    Supply(End(Stream)): accepted len 6 hex bb0000000140
    End(Reply): rejected byte cc class OpeningReply
    End(Stream): accepted len 1 hex dd
  stream 01
    Match(Continue): accepted len 1 hex 01
    Match(End(Reply)): accepted len 1 hex 12
    Match(End(Stream)): accepted len 1 hex 23
    QueryEmpty(Continue): accepted len 1 hex 34
    QueryEmpty(End(Reply)): accepted len 1 hex 45
    QueryEmpty(End(Stream)): accepted len 1 hex 56
    Query(Continue): accepted len 19 hex 67000000000000000000000000000000000000
    Query(End(Reply)): accepted len 19 hex 78000000000000000000000000000000000000
    Query(End(Stream)): accepted len 19 hex 89000000000000000000000000000000000000
    Supply(Continue): accepted len 6 hex 9a0000000140
    Supply(End(Reply)): accepted len 6 hex ab0000000140
    Supply(End(Stream)): accepted len 6 hex bc0000000140
    End(Reply): accepted len 1 hex cd
    End(Stream): accepted len 1 hex de
  stream 02
    Match(Continue): accepted len 1 hex 02
    Match(End(Reply)): accepted len 1 hex 13
    Match(End(Stream)): accepted len 1 hex 24
    QueryEmpty(Continue): accepted len 1 hex 35
    QueryEmpty(End(Reply)): accepted len 1 hex 46
    QueryEmpty(End(Stream)): accepted len 1 hex 57
    Query(Continue): accepted len 19 hex 68000000000000000000000000000000000000
    Query(End(Reply)): accepted len 19 hex 79000000000000000000000000000000000000
    Query(End(Stream)): accepted len 19 hex 8a000000000000000000000000000000000000
    Supply(Continue): accepted len 6 hex 9b0000000140
    Supply(End(Reply)): accepted len 6 hex ac0000000140
    Supply(End(Stream)): accepted len 6 hex bd0000000140
    End(Reply): accepted len 1 hex ce
    End(Stream): accepted len 1 hex df
  stream 03
    Match(Continue): accepted len 1 hex 03
    Match(End(Reply)): accepted len 1 hex 14
    Match(End(Stream)): accepted len 1 hex 25
    QueryEmpty(Continue): accepted len 1 hex 36
    QueryEmpty(End(Reply)): accepted len 1 hex 47
    QueryEmpty(End(Stream)): accepted len 1 hex 58
    Query(Continue): accepted len 19 hex 69000000000000000000000000000000000000
    Query(End(Reply)): accepted len 19 hex 7a000000000000000000000000000000000000
    Query(End(Stream)): accepted len 19 hex 8b000000000000000000000000000000000000
    Supply(Continue): accepted len 6 hex 9c0000000140
    Supply(End(Reply)): accepted len 6 hex ad0000000140
    Supply(End(Stream)): accepted len 6 hex be0000000140
    End(Reply): accepted len 1 hex cf
    End(Stream): accepted len 1 hex e0
  stream 04
    Match(Continue): accepted len 1 hex 04
    Match(End(Reply)): accepted len 1 hex 15
    Match(End(Stream)): accepted len 1 hex 26
    QueryEmpty(Continue): accepted len 1 hex 37
    QueryEmpty(End(Reply)): accepted len 1 hex 48
    QueryEmpty(End(Stream)): accepted len 1 hex 59
    Query(Continue): accepted len 19 hex 6a000000000000000000000000000000000000
    Query(End(Reply)): accepted len 19 hex 7b000000000000000000000000000000000000
    Query(End(Stream)): accepted len 19 hex 8c000000000000000000000000000000000000
    Supply(Continue): accepted len 6 hex 9d0000000140
    Supply(End(Reply)): accepted len 6 hex ae0000000140
    Supply(End(Stream)): accepted len 6 hex bf0000000140
    End(Reply): accepted len 1 hex d0
    End(Stream): accepted len 1 hex e1
  stream 05
    Match(Continue): accepted len 1 hex 05
    Match(End(Reply)): accepted len 1 hex 16
    Match(End(Stream)): accepted len 1 hex 27
    QueryEmpty(Continue): accepted len 1 hex 38
    QueryEmpty(End(Reply)): accepted len 1 hex 49
    QueryEmpty(End(Stream)): accepted len 1 hex 5a
    Query(Continue): accepted len 19 hex 6b000000000000000000000000000000000000
    Query(End(Reply)): accepted len 19 hex 7c000000000000000000000000000000000000
    Query(End(Stream)): accepted len 19 hex 8d000000000000000000000000000000000000
    Supply(Continue): accepted len 6 hex 9e0000000140
    Supply(End(Reply)): accepted len 6 hex af0000000140
    Supply(End(Stream)): accepted len 6 hex c00000000140
    End(Reply): accepted len 1 hex d1
    End(Stream): accepted len 1 hex e2
  stream 06
    Match(Continue): accepted len 1 hex 06
    Match(End(Reply)): accepted len 1 hex 17
    Match(End(Stream)): accepted len 1 hex 28
    QueryEmpty(Continue): accepted len 1 hex 39
    QueryEmpty(End(Reply)): accepted len 1 hex 4a
    QueryEmpty(End(Stream)): accepted len 1 hex 5b
    Query(Continue): accepted len 19 hex 6c000000000000000000000000000000000000
    Query(End(Reply)): accepted len 19 hex 7d000000000000000000000000000000000000
    Query(End(Stream)): accepted len 19 hex 8e000000000000000000000000000000000000
    Supply(Continue): accepted len 6 hex 9f0000000140
    Supply(End(Reply)): accepted len 6 hex b00000000140
    Supply(End(Stream)): accepted len 6 hex c10000000140
    End(Reply): accepted len 1 hex d2
    End(Stream): accepted len 1 hex e3
  stream 07
    Match(Continue): accepted len 1 hex 07
    Match(End(Reply)): accepted len 1 hex 18
    Match(End(Stream)): accepted len 1 hex 29
    QueryEmpty(Continue): accepted len 1 hex 3a
    QueryEmpty(End(Reply)): accepted len 1 hex 4b
    QueryEmpty(End(Stream)): accepted len 1 hex 5c
    Query(Continue): accepted len 19 hex 6d000000000000000000000000000000000000
    Query(End(Reply)): accepted len 19 hex 7e000000000000000000000000000000000000
    Query(End(Stream)): accepted len 19 hex 8f000000000000000000000000000000000000
    Supply(Continue): accepted len 6 hex a00000000140
    Supply(End(Reply)): accepted len 6 hex b10000000140
    Supply(End(Stream)): accepted len 6 hex c20000000140
    End(Reply): accepted len 1 hex d3
    End(Stream): accepted len 1 hex e4
  stream 08
    Match(Continue): accepted len 1 hex 08
    Match(End(Reply)): accepted len 1 hex 19
    Match(End(Stream)): accepted len 1 hex 2a
    QueryEmpty(Continue): accepted len 1 hex 3b
    QueryEmpty(End(Reply)): accepted len 1 hex 4c
    QueryEmpty(End(Stream)): accepted len 1 hex 5d
    Query(Continue): accepted len 19 hex 6e000000000000000000000000000000000000
    Query(End(Reply)): accepted len 19 hex 7f000000000000000000000000000000000000
    Query(End(Stream)): accepted len 19 hex 90000000000000000000000000000000000000
    Supply(Continue): accepted len 6 hex a10000000140
    Supply(End(Reply)): accepted len 6 hex b20000000140
    Supply(End(Stream)): accepted len 6 hex c30000000140
    End(Reply): accepted len 1 hex d4
    End(Stream): accepted len 1 hex e5
  stream 09
    Match(Continue): accepted len 1 hex 09
    Match(End(Reply)): accepted len 1 hex 1a
    Match(End(Stream)): accepted len 1 hex 2b
    QueryEmpty(Continue): accepted len 1 hex 3c
    QueryEmpty(End(Reply)): accepted len 1 hex 4d
    QueryEmpty(End(Stream)): accepted len 1 hex 5e
    Query(Continue): accepted len 19 hex 6f000000000000000000000000000000000000
    Query(End(Reply)): accepted len 19 hex 80000000000000000000000000000000000000
    Query(End(Stream)): accepted len 19 hex 91000000000000000000000000000000000000
    Supply(Continue): accepted len 6 hex a20000000140
    Supply(End(Reply)): accepted len 6 hex b30000000140
    Supply(End(Stream)): accepted len 6 hex c40000000140
    End(Reply): accepted len 1 hex d5
    End(Stream): accepted len 1 hex e6
  stream 10
    Match(Continue): accepted len 1 hex 0a
    Match(End(Reply)): accepted len 1 hex 1b
    Match(End(Stream)): accepted len 1 hex 2c
    QueryEmpty(Continue): accepted len 1 hex 3d
    QueryEmpty(End(Reply)): accepted len 1 hex 4e
    QueryEmpty(End(Stream)): accepted len 1 hex 5f
    Query(Continue): accepted len 19 hex 70000000000000000000000000000000000000
    Query(End(Reply)): accepted len 19 hex 81000000000000000000000000000000000000
    Query(End(Stream)): accepted len 19 hex 92000000000000000000000000000000000000
    Supply(Continue): accepted len 6 hex a30000000140
    Supply(End(Reply)): accepted len 6 hex b40000000140
    Supply(End(Stream)): accepted len 6 hex c50000000140
    End(Reply): accepted len 1 hex d6
    End(Stream): accepted len 1 hex e7
  stream 11
    Match(Continue): accepted len 1 hex 0b
    Match(End(Reply)): accepted len 1 hex 1c
    Match(End(Stream)): accepted len 1 hex 2d
    QueryEmpty(Continue): accepted len 1 hex 3e
    QueryEmpty(End(Reply)): accepted len 1 hex 4f
    QueryEmpty(End(Stream)): accepted len 1 hex 60
    Query(Continue): accepted len 19 hex 71000000000000000000000000000000000000
    Query(End(Reply)): accepted len 19 hex 82000000000000000000000000000000000000
    Query(End(Stream)): accepted len 19 hex 93000000000000000000000000000000000000
    Supply(Continue): accepted len 6 hex a40000000140
    Supply(End(Reply)): accepted len 6 hex b50000000140
    Supply(End(Stream)): accepted len 6 hex c60000000140
    End(Reply): accepted len 1 hex d7
    End(Stream): accepted len 1 hex e8
  stream 12
    Match(Continue): accepted len 1 hex 0c
    Match(End(Reply)): accepted len 1 hex 1d
    Match(End(Stream)): accepted len 1 hex 2e
    QueryEmpty(Continue): accepted len 1 hex 3f
    QueryEmpty(End(Reply)): accepted len 1 hex 50
    QueryEmpty(End(Stream)): accepted len 1 hex 61
    Query(Continue): accepted len 19 hex 72000000000000000000000000000000000000
    Query(End(Reply)): accepted len 19 hex 83000000000000000000000000000000000000
    Query(End(Stream)): accepted len 19 hex 94000000000000000000000000000000000000
    Supply(Continue): accepted len 6 hex a50000000140
    Supply(End(Reply)): accepted len 6 hex b60000000140
    Supply(End(Stream)): accepted len 6 hex c70000000140
    End(Reply): accepted len 1 hex d8
    End(Stream): accepted len 1 hex e9
  stream 13
    Match(Continue): accepted len 1 hex 0d
    Match(End(Reply)): accepted len 1 hex 1e
    Match(End(Stream)): accepted len 1 hex 2f
    QueryEmpty(Continue): accepted len 1 hex 40
    QueryEmpty(End(Reply)): accepted len 1 hex 51
    QueryEmpty(End(Stream)): accepted len 1 hex 62
    Query(Continue): accepted len 19 hex 73000000000000000000000000000000000000
    Query(End(Reply)): accepted len 19 hex 84000000000000000000000000000000000000
    Query(End(Stream)): accepted len 19 hex 95000000000000000000000000000000000000
    Supply(Continue): accepted len 6 hex a60000000140
    Supply(End(Reply)): accepted len 6 hex b70000000140
    Supply(End(Stream)): accepted len 6 hex c80000000140
    End(Reply): accepted len 1 hex d9
    End(Stream): accepted len 1 hex ea
  stream 14
    Match(Continue): accepted len 1 hex 0e
    Match(End(Reply)): accepted len 1 hex 1f
    Match(End(Stream)): accepted len 1 hex 30
    QueryEmpty(Continue): accepted len 1 hex 41
    QueryEmpty(End(Reply)): accepted len 1 hex 52
    QueryEmpty(End(Stream)): accepted len 1 hex 63
    Query(Continue): accepted len 19 hex 74000000000000000000000000000000000000
    Query(End(Reply)): accepted len 19 hex 85000000000000000000000000000000000000
    Query(End(Stream)): accepted len 19 hex 96000000000000000000000000000000000000
    Supply(Continue): accepted len 6 hex a70000000140
    Supply(End(Reply)): accepted len 6 hex b80000000140
    Supply(End(Stream)): accepted len 6 hex c90000000140
    End(Reply): accepted len 1 hex da
    End(Stream): accepted len 1 hex eb
  stream 15
    Match(Continue): accepted len 1 hex 0f
    Match(End(Reply)): accepted len 1 hex 20
    Match(End(Stream)): accepted len 1 hex 31
    QueryEmpty(Continue): accepted len 1 hex 42
    QueryEmpty(End(Reply)): accepted len 1 hex 53
    QueryEmpty(End(Stream)): accepted len 1 hex 64
    Query(Continue): accepted len 19 hex 75000000000000000000000000000000000000
    Query(End(Reply)): accepted len 19 hex 86000000000000000000000000000000000000
    Query(End(Stream)): accepted len 19 hex 97000000000000000000000000000000000000
    Supply(Continue): accepted len 6 hex a80000000140
    Supply(End(Reply)): accepted len 6 hex b90000000140
    Supply(End(Stream)): accepted len 6 hex ca0000000140
    End(Reply): accepted len 1 hex db
    End(Stream): accepted len 1 hex ec
  stream 16
    Match(Continue): rejected byte 10 class TerminalLeafReplies
    Match(End(Reply)): rejected byte 21 class TerminalLeafReplies
    Match(End(Stream)): rejected byte 32 class TerminalLeafReplies
    QueryEmpty(Continue): rejected byte 43 class TerminalLeafReplies
    QueryEmpty(End(Reply)): rejected byte 54 class TerminalLeafReplies
    QueryEmpty(End(Stream)): rejected byte 65 class TerminalLeafReplies
    Query(Continue): rejected byte 76 class TerminalLeafReplies
    Query(End(Reply)): rejected byte 87 class TerminalLeafReplies
    Query(End(Stream)): rejected byte 98 class TerminalLeafReplies
    Supply(Continue): rejected byte a9 class TerminalLeafReplies
    Supply(End(Reply)): accepted len 6 hex ba0000000140
    Supply(End(Stream)): accepted len 6 hex cb0000000140
    End(Reply): accepted len 1 hex dc
    End(Stream): accepted len 1 hex ed
