---
source: src/bookmark/format/tests.rs
expression: "annotated(&encode(&Record::default()))"
---
d9d9f783065820c24fdfe00b190b6f8fac2dbefba12b38eb3f0f6922a2d85764565911e8736bb0d8184180

55799( / self-described CBOR /
  [
    6 / bookmark format version /
    h'c24fdfe00b190b6f8fac2dbefba12b38eb3f0f6922a2d85764565911e8736bb0' / integrity: SHA3-256 of the version and payload items /
    24(<< / embedded record, 1 byte(s) /
      [ / 0 network(s), newest first /
      ]
    >>)
  ]
)
