---
source: src/tree/mirror/streaming/remote/codec/signal/tests.rs
expression: rejected
---
Initiator
  00: stream 00 Match(Continue) -> OpeningQuestion
  11: stream 00 Match(End) -> OpeningQuestion
  22: stream 00 QueryEmpty(Continue) -> OpeningQuestion
  44: stream 00 Query(Continue) -> OpeningQuestion
  66: stream 00 Supply(Continue) -> OpeningQuestion
  77: stream 00 Supply(End) -> OpeningQuestion
  88: stream 00 End(Reply) -> OpeningQuestion
  54: stream 16 Query(Continue) -> LeafParentReplies
  65: stream 16 Query(End) -> LeafParentReplies
Responder
  10: stream 16 Match(Continue) -> TerminalLeafReplies
  21: stream 16 Match(End) -> TerminalLeafReplies
  32: stream 16 QueryEmpty(Continue) -> TerminalLeafReplies
  43: stream 16 QueryEmpty(End) -> TerminalLeafReplies
  54: stream 16 Query(Continue) -> TerminalLeafReplies
  65: stream 16 Query(End) -> TerminalLeafReplies
  76: stream 16 Supply(Continue) -> TerminalLeafReplies
