---
source: src/tree/mirror/streaming/remote/codec/signal/tests.rs
expression: layout
---
00: stream 00 Match(Continue)
01: stream 01 Match(Continue)
02: stream 02 Match(Continue)
03: stream 03 Match(Continue)
04: stream 04 Match(Continue)
05: stream 05 Match(Continue)
06: stream 06 Match(Continue)
07: stream 07 Match(Continue)
08: stream 08 Match(Continue)
09: stream 09 Match(Continue)
0a: stream 10 Match(Continue)
0b: stream 11 Match(Continue)
0c: stream 12 Match(Continue)
0d: stream 13 Match(Continue)
0e: stream 14 Match(Continue)
0f: stream 15 Match(Continue)
10: stream 16 Match(Continue)
11: stream 00 Match(End(Reply))
12: stream 01 Match(End(Reply))
13: stream 02 Match(End(Reply))
14: stream 03 Match(End(Reply))
15: stream 04 Match(End(Reply))
16: stream 05 Match(End(Reply))
17: stream 06 Match(End(Reply))
18: stream 07 Match(End(Reply))
19: stream 08 Match(End(Reply))
1a: stream 09 Match(End(Reply))
1b: stream 10 Match(End(Reply))
1c: stream 11 Match(End(Reply))
1d: stream 12 Match(End(Reply))
1e: stream 13 Match(End(Reply))
1f: stream 14 Match(End(Reply))
20: stream 15 Match(End(Reply))
21: stream 16 Match(End(Reply))
22: stream 00 Match(End(Stream))
23: stream 01 Match(End(Stream))
24: stream 02 Match(End(Stream))
25: stream 03 Match(End(Stream))
26: stream 04 Match(End(Stream))
27: stream 05 Match(End(Stream))
28: stream 06 Match(End(Stream))
29: stream 07 Match(End(Stream))
2a: stream 08 Match(End(Stream))
2b: stream 09 Match(End(Stream))
2c: stream 10 Match(End(Stream))
2d: stream 11 Match(End(Stream))
2e: stream 12 Match(End(Stream))
2f: stream 13 Match(End(Stream))
30: stream 14 Match(End(Stream))
31: stream 15 Match(End(Stream))
32: stream 16 Match(End(Stream))
33: stream 00 QueryEmpty(Continue)
34: stream 01 QueryEmpty(Continue)
35: stream 02 QueryEmpty(Continue)
36: stream 03 QueryEmpty(Continue)
37: stream 04 QueryEmpty(Continue)
38: stream 05 QueryEmpty(Continue)
39: stream 06 QueryEmpty(Continue)
3a: stream 07 QueryEmpty(Continue)
3b: stream 08 QueryEmpty(Continue)
3c: stream 09 QueryEmpty(Continue)
3d: stream 10 QueryEmpty(Continue)
3e: stream 11 QueryEmpty(Continue)
3f: stream 12 QueryEmpty(Continue)
40: stream 13 QueryEmpty(Continue)
41: stream 14 QueryEmpty(Continue)
42: stream 15 QueryEmpty(Continue)
43: stream 16 QueryEmpty(Continue)
44: stream 00 QueryEmpty(End(Reply))
45: stream 01 QueryEmpty(End(Reply))
46: stream 02 QueryEmpty(End(Reply))
47: stream 03 QueryEmpty(End(Reply))
48: stream 04 QueryEmpty(End(Reply))
49: stream 05 QueryEmpty(End(Reply))
4a: stream 06 QueryEmpty(End(Reply))
4b: stream 07 QueryEmpty(End(Reply))
4c: stream 08 QueryEmpty(End(Reply))
4d: stream 09 QueryEmpty(End(Reply))
4e: stream 10 QueryEmpty(End(Reply))
4f: stream 11 QueryEmpty(End(Reply))
50: stream 12 QueryEmpty(End(Reply))
51: stream 13 QueryEmpty(End(Reply))
52: stream 14 QueryEmpty(End(Reply))
53: stream 15 QueryEmpty(End(Reply))
54: stream 16 QueryEmpty(End(Reply))
55: stream 00 QueryEmpty(End(Stream))
56: stream 01 QueryEmpty(End(Stream))
57: stream 02 QueryEmpty(End(Stream))
58: stream 03 QueryEmpty(End(Stream))
59: stream 04 QueryEmpty(End(Stream))
5a: stream 05 QueryEmpty(End(Stream))
5b: stream 06 QueryEmpty(End(Stream))
5c: stream 07 QueryEmpty(End(Stream))
5d: stream 08 QueryEmpty(End(Stream))
5e: stream 09 QueryEmpty(End(Stream))
5f: stream 10 QueryEmpty(End(Stream))
60: stream 11 QueryEmpty(End(Stream))
61: stream 12 QueryEmpty(End(Stream))
62: stream 13 QueryEmpty(End(Stream))
63: stream 14 QueryEmpty(End(Stream))
64: stream 15 QueryEmpty(End(Stream))
65: stream 16 QueryEmpty(End(Stream))
66: stream 00 Query(Continue)
67: stream 01 Query(Continue)
68: stream 02 Query(Continue)
69: stream 03 Query(Continue)
6a: stream 04 Query(Continue)
6b: stream 05 Query(Continue)
6c: stream 06 Query(Continue)
6d: stream 07 Query(Continue)
6e: stream 08 Query(Continue)
6f: stream 09 Query(Continue)
70: stream 10 Query(Continue)
71: stream 11 Query(Continue)
72: stream 12 Query(Continue)
73: stream 13 Query(Continue)
74: stream 14 Query(Continue)
75: stream 15 Query(Continue)
76: stream 16 Query(Continue)
77: stream 00 Query(End(Reply))
78: stream 01 Query(End(Reply))
79: stream 02 Query(End(Reply))
7a: stream 03 Query(End(Reply))
7b: stream 04 Query(End(Reply))
7c: stream 05 Query(End(Reply))
7d: stream 06 Query(End(Reply))
7e: stream 07 Query(End(Reply))
7f: stream 08 Query(End(Reply))
80: stream 09 Query(End(Reply))
81: stream 10 Query(End(Reply))
82: stream 11 Query(End(Reply))
83: stream 12 Query(End(Reply))
84: stream 13 Query(End(Reply))
85: stream 14 Query(End(Reply))
86: stream 15 Query(End(Reply))
87: stream 16 Query(End(Reply))
88: stream 00 Query(End(Stream))
89: stream 01 Query(End(Stream))
8a: stream 02 Query(End(Stream))
8b: stream 03 Query(End(Stream))
8c: stream 04 Query(End(Stream))
8d: stream 05 Query(End(Stream))
8e: stream 06 Query(End(Stream))
8f: stream 07 Query(End(Stream))
90: stream 08 Query(End(Stream))
91: stream 09 Query(End(Stream))
92: stream 10 Query(End(Stream))
93: stream 11 Query(End(Stream))
94: stream 12 Query(End(Stream))
95: stream 13 Query(End(Stream))
96: stream 14 Query(End(Stream))
97: stream 15 Query(End(Stream))
98: stream 16 Query(End(Stream))
99: stream 00 Supply(Continue)
9a: stream 01 Supply(Continue)
9b: stream 02 Supply(Continue)
9c: stream 03 Supply(Continue)
9d: stream 04 Supply(Continue)
9e: stream 05 Supply(Continue)
9f: stream 06 Supply(Continue)
a0: stream 07 Supply(Continue)
a1: stream 08 Supply(Continue)
a2: stream 09 Supply(Continue)
a3: stream 10 Supply(Continue)
a4: stream 11 Supply(Continue)
a5: stream 12 Supply(Continue)
a6: stream 13 Supply(Continue)
a7: stream 14 Supply(Continue)
a8: stream 15 Supply(Continue)
a9: stream 16 Supply(Continue)
aa: stream 00 Supply(End(Reply))
ab: stream 01 Supply(End(Reply))
ac: stream 02 Supply(End(Reply))
ad: stream 03 Supply(End(Reply))
ae: stream 04 Supply(End(Reply))
af: stream 05 Supply(End(Reply))
b0: stream 06 Supply(End(Reply))
b1: stream 07 Supply(End(Reply))
b2: stream 08 Supply(End(Reply))
b3: stream 09 Supply(End(Reply))
b4: stream 10 Supply(End(Reply))
b5: stream 11 Supply(End(Reply))
b6: stream 12 Supply(End(Reply))
b7: stream 13 Supply(End(Reply))
b8: stream 14 Supply(End(Reply))
b9: stream 15 Supply(End(Reply))
ba: stream 16 Supply(End(Reply))
bb: stream 00 Supply(End(Stream))
bc: stream 01 Supply(End(Stream))
bd: stream 02 Supply(End(Stream))
be: stream 03 Supply(End(Stream))
bf: stream 04 Supply(End(Stream))
c0: stream 05 Supply(End(Stream))
c1: stream 06 Supply(End(Stream))
c2: stream 07 Supply(End(Stream))
c3: stream 08 Supply(End(Stream))
c4: stream 09 Supply(End(Stream))
c5: stream 10 Supply(End(Stream))
c6: stream 11 Supply(End(Stream))
c7: stream 12 Supply(End(Stream))
c8: stream 13 Supply(End(Stream))
c9: stream 14 Supply(End(Stream))
ca: stream 15 Supply(End(Stream))
cb: stream 16 Supply(End(Stream))
cc: stream 00 End(Reply)
cd: stream 01 End(Reply)
ce: stream 02 End(Reply)
cf: stream 03 End(Reply)
d0: stream 04 End(Reply)
d1: stream 05 End(Reply)
d2: stream 06 End(Reply)
d3: stream 07 End(Reply)
d4: stream 08 End(Reply)
d5: stream 09 End(Reply)
d6: stream 10 End(Reply)
d7: stream 11 End(Reply)
d8: stream 12 End(Reply)
d9: stream 13 End(Reply)
da: stream 14 End(Reply)
db: stream 15 End(Reply)
dc: stream 16 End(Reply)
dd: stream 00 End(Stream)
de: stream 01 End(Stream)
df: stream 02 End(Stream)
e0: stream 03 End(Stream)
e1: stream 04 End(Stream)
e2: stream 05 End(Stream)
e3: stream 06 End(Stream)
e4: stream 07 End(Stream)
e5: stream 08 End(Stream)
e6: stream 09 End(Stream)
e7: stream 10 End(Stream)
e8: stream 11 End(Stream)
e9: stream 12 End(Stream)
ea: stream 13 End(Stream)
eb: stream 14 End(Stream)
ec: stream 15 End(Stream)
ed: stream 16 End(Stream)
ee: stream 00 InvalidState(14)
ef: stream 01 InvalidState(14)
f0: stream 02 InvalidState(14)
f1: stream 03 InvalidState(14)
f2: stream 04 InvalidState(14)
f3: stream 05 InvalidState(14)
f4: stream 06 InvalidState(14)
f5: stream 07 InvalidState(14)
f6: stream 08 InvalidState(14)
f7: stream 09 InvalidState(14)
f8: stream 10 InvalidState(14)
f9: stream 11 InvalidState(14)
fa: stream 12 InvalidState(14)
fb: stream 13 InvalidState(14)
fc: stream 14 InvalidState(14)
fd: stream 15 InvalidState(14)
fe: stream 16 InvalidState(14)
ff: stream 00 InvalidState(15)
