---
source: src/tree/mirror/streaming/remote/codec/signal/tests.rs
expression: layout
---
00: stream 00 Match(Continue)
01: stream 01 Match(Continue)
02: stream 02 Match(Continue)
03: stream 03 Match(Continue)
04: stream 04 Match(Continue)
05: stream 05 Match(Continue)
06: stream 06 Match(Continue)
07: stream 07 Match(Continue)
08: stream 08 Match(Continue)
09: stream 09 Match(Continue)
0a: stream 10 Match(Continue)
0b: stream 11 Match(Continue)
0c: stream 12 Match(Continue)
0d: stream 13 Match(Continue)
0e: stream 14 Match(Continue)
0f: stream 15 Match(Continue)
10: stream 16 Match(Continue)
11: stream 00 Match(End)
12: stream 01 Match(End)
13: stream 02 Match(End)
14: stream 03 Match(End)
15: stream 04 Match(End)
16: stream 05 Match(End)
17: stream 06 Match(End)
18: stream 07 Match(End)
19: stream 08 Match(End)
1a: stream 09 Match(End)
1b: stream 10 Match(End)
1c: stream 11 Match(End)
1d: stream 12 Match(End)
1e: stream 13 Match(End)
1f: stream 14 Match(End)
20: stream 15 Match(End)
21: stream 16 Match(End)
22: stream 00 QueryEmpty(Continue)
23: stream 01 QueryEmpty(Continue)
24: stream 02 QueryEmpty(Continue)
25: stream 03 QueryEmpty(Continue)
26: stream 04 QueryEmpty(Continue)
27: stream 05 QueryEmpty(Continue)
28: stream 06 QueryEmpty(Continue)
29: stream 07 QueryEmpty(Continue)
2a: stream 08 QueryEmpty(Continue)
2b: stream 09 QueryEmpty(Continue)
2c: stream 10 QueryEmpty(Continue)
2d: stream 11 QueryEmpty(Continue)
2e: stream 12 QueryEmpty(Continue)
2f: stream 13 QueryEmpty(Continue)
30: stream 14 QueryEmpty(Continue)
31: stream 15 QueryEmpty(Continue)
32: stream 16 QueryEmpty(Continue)
33: stream 00 QueryEmpty(End)
34: stream 01 QueryEmpty(End)
35: stream 02 QueryEmpty(End)
36: stream 03 QueryEmpty(End)
37: stream 04 QueryEmpty(End)
38: stream 05 QueryEmpty(End)
39: stream 06 QueryEmpty(End)
3a: stream 07 QueryEmpty(End)
3b: stream 08 QueryEmpty(End)
3c: stream 09 QueryEmpty(End)
3d: stream 10 QueryEmpty(End)
3e: stream 11 QueryEmpty(End)
3f: stream 12 QueryEmpty(End)
40: stream 13 QueryEmpty(End)
41: stream 14 QueryEmpty(End)
42: stream 15 QueryEmpty(End)
43: stream 16 QueryEmpty(End)
44: stream 00 Query(Continue)
45: stream 01 Query(Continue)
46: stream 02 Query(Continue)
47: stream 03 Query(Continue)
48: stream 04 Query(Continue)
49: stream 05 Query(Continue)
4a: stream 06 Query(Continue)
4b: stream 07 Query(Continue)
4c: stream 08 Query(Continue)
4d: stream 09 Query(Continue)
4e: stream 10 Query(Continue)
4f: stream 11 Query(Continue)
50: stream 12 Query(Continue)
51: stream 13 Query(Continue)
52: stream 14 Query(Continue)
53: stream 15 Query(Continue)
54: stream 16 Query(Continue)
55: stream 00 Query(End)
56: stream 01 Query(End)
57: stream 02 Query(End)
58: stream 03 Query(End)
59: stream 04 Query(End)
5a: stream 05 Query(End)
5b: stream 06 Query(End)
5c: stream 07 Query(End)
5d: stream 08 Query(End)
5e: stream 09 Query(End)
5f: stream 10 Query(End)
60: stream 11 Query(End)
61: stream 12 Query(End)
62: stream 13 Query(End)
63: stream 14 Query(End)
64: stream 15 Query(End)
65: stream 16 Query(End)
66: stream 00 Supply(Continue)
67: stream 01 Supply(Continue)
68: stream 02 Supply(Continue)
69: stream 03 Supply(Continue)
6a: stream 04 Supply(Continue)
6b: stream 05 Supply(Continue)
6c: stream 06 Supply(Continue)
6d: stream 07 Supply(Continue)
6e: stream 08 Supply(Continue)
6f: stream 09 Supply(Continue)
70: stream 10 Supply(Continue)
71: stream 11 Supply(Continue)
72: stream 12 Supply(Continue)
73: stream 13 Supply(Continue)
74: stream 14 Supply(Continue)
75: stream 15 Supply(Continue)
76: stream 16 Supply(Continue)
77: stream 00 Supply(End)
78: stream 01 Supply(End)
79: stream 02 Supply(End)
7a: stream 03 Supply(End)
7b: stream 04 Supply(End)
7c: stream 05 Supply(End)
7d: stream 06 Supply(End)
7e: stream 07 Supply(End)
7f: stream 08 Supply(End)
80: stream 09 Supply(End)
81: stream 10 Supply(End)
82: stream 11 Supply(End)
83: stream 12 Supply(End)
84: stream 13 Supply(End)
85: stream 14 Supply(End)
86: stream 15 Supply(End)
87: stream 16 Supply(End)
88: stream 00 End(Reply)
89: stream 01 End(Reply)
8a: stream 02 End(Reply)
8b: stream 03 End(Reply)
8c: stream 04 End(Reply)
8d: stream 05 End(Reply)
8e: stream 06 End(Reply)
8f: stream 07 End(Reply)
90: stream 08 End(Reply)
91: stream 09 End(Reply)
92: stream 10 End(Reply)
93: stream 11 End(Reply)
94: stream 12 End(Reply)
95: stream 13 End(Reply)
96: stream 14 End(Reply)
97: stream 15 End(Reply)
98: stream 16 End(Reply)
99: stream 00 End(Stream)
9a: stream 01 End(Stream)
9b: stream 02 End(Stream)
9c: stream 03 End(Stream)
9d: stream 04 End(Stream)
9e: stream 05 End(Stream)
9f: stream 06 End(Stream)
a0: stream 07 End(Stream)
a1: stream 08 End(Stream)
a2: stream 09 End(Stream)
a3: stream 10 End(Stream)
a4: stream 11 End(Stream)
a5: stream 12 End(Stream)
a6: stream 13 End(Stream)
a7: stream 14 End(Stream)
a8: stream 15 End(Stream)
a9: stream 16 End(Stream)
aa: stream 00 InvalidState(10)
ab: stream 01 InvalidState(10)
ac: stream 02 InvalidState(10)
ad: stream 03 InvalidState(10)
ae: stream 04 InvalidState(10)
af: stream 05 InvalidState(10)
b0: stream 06 InvalidState(10)
b1: stream 07 InvalidState(10)
b2: stream 08 InvalidState(10)
b3: stream 09 InvalidState(10)
b4: stream 10 InvalidState(10)
b5: stream 11 InvalidState(10)
b6: stream 12 InvalidState(10)
b7: stream 13 InvalidState(10)
b8: stream 14 InvalidState(10)
b9: stream 15 InvalidState(10)
ba: stream 16 InvalidState(10)
bb: stream 00 InvalidState(11)
bc: stream 01 InvalidState(11)
bd: stream 02 InvalidState(11)
be: stream 03 InvalidState(11)
bf: stream 04 InvalidState(11)
c0: stream 05 InvalidState(11)
c1: stream 06 InvalidState(11)
c2: stream 07 InvalidState(11)
c3: stream 08 InvalidState(11)
c4: stream 09 InvalidState(11)
c5: stream 10 InvalidState(11)
c6: stream 11 InvalidState(11)
c7: stream 12 InvalidState(11)
c8: stream 13 InvalidState(11)
c9: stream 14 InvalidState(11)
ca: stream 15 InvalidState(11)
cb: stream 16 InvalidState(11)
cc: stream 00 InvalidState(12)
cd: stream 01 InvalidState(12)
ce: stream 02 InvalidState(12)
cf: stream 03 InvalidState(12)
d0: stream 04 InvalidState(12)
d1: stream 05 InvalidState(12)
d2: stream 06 InvalidState(12)
d3: stream 07 InvalidState(12)
d4: stream 08 InvalidState(12)
d5: stream 09 InvalidState(12)
d6: stream 10 InvalidState(12)
d7: stream 11 InvalidState(12)
d8: stream 12 InvalidState(12)
d9: stream 13 InvalidState(12)
da: stream 14 InvalidState(12)
db: stream 15 InvalidState(12)
dc: stream 16 InvalidState(12)
dd: stream 00 InvalidState(13)
de: stream 01 InvalidState(13)
df: stream 02 InvalidState(13)
e0: stream 03 InvalidState(13)
e1: stream 04 InvalidState(13)
e2: stream 05 InvalidState(13)
e3: stream 06 InvalidState(13)
e4: stream 07 InvalidState(13)
e5: stream 08 InvalidState(13)
e6: stream 09 InvalidState(13)
e7: stream 10 InvalidState(13)
e8: stream 11 InvalidState(13)
e9: stream 12 InvalidState(13)
ea: stream 13 InvalidState(13)
eb: stream 14 InvalidState(13)
ec: stream 15 InvalidState(13)
ed: stream 16 InvalidState(13)
ee: stream 00 InvalidState(14)
ef: stream 01 InvalidState(14)
f0: stream 02 InvalidState(14)
f1: stream 03 InvalidState(14)
f2: stream 04 InvalidState(14)
f3: stream 05 InvalidState(14)
f4: stream 06 InvalidState(14)
f5: stream 07 InvalidState(14)
f6: stream 08 InvalidState(14)
f7: stream 09 InvalidState(14)
f8: stream 10 InvalidState(14)
f9: stream 11 InvalidState(14)
fa: stream 12 InvalidState(14)
fb: stream 13 InvalidState(14)
fc: stream 14 InvalidState(14)
fd: stream 15 InvalidState(14)
fe: stream 16 InvalidState(14)
ff: stream 00 InvalidState(15)
