---
source: tests/gossip_snapshot.rs
expression: "capture_gossip(a, b)"
---
direction A -> B
role: Responder
control item 0 (30 bytes) / preamble /
  55799( / self-described CBOR /
    [
      "rumors"
      2
      h'8c189668c9e4837237bf31e02d7f6b70'
      0
    ]
  )
control item 1 (160 bytes) / greeting /
  24(<< / embedded item, 156 bytes /
    {
      "listing" =>
        { / listing: 2 child(ren) /
          0x93 => h'c4c0139f3f4f4afe9715d26a43953691cdc861574ffc8196' / digest /
          0xa0 => h'7835b0a8791af76763e8248004d356e7d5c938bb893ecc9c' / digest /
        }
      "set_len" => 2
      "version" =>
        53846(h'5c90') / version (0, 2, 0) /
      "max_version_bytes" => 2
      "payload_depth_limit" => 256
      "target_message_size" => 1830400
    }
  >>)
control item 2 (2 bytes) / epilogue /
  "."
Responder stream 0 (height 31), epoch 0, 37 wire bytes
  frame 0 (16 bytes)
    [
      102 / Supply(Continue) /
      63(<< / supply run, 1 record(s), 10 bytes /
        63(<< / record, 2 item(s), 7 bytes /
          53846(h'5540') / version (0, 1, 0) /
          1
        >>)
      >>)
    ]
  frame 1 (16 bytes)
    [
      119 / Supply(End) /
      63(<< / supply run, 1 record(s), 10 bytes /
        63(<< / record, 2 item(s), 7 bytes /
          53846(h'5c90') / version (0, 2, 0) /
          2
        >>)
      >>)
    ]
  frame 2 (3 bytes)
    [
      153 / End(Stream) /
    ]

direction B -> A
role: Initiator
control item 0 (30 bytes) / preamble /
  55799( / self-described CBOR /
    [
      "rumors"
      2
      h'8c189668c9e4837237bf31e02d7f6b70'
      0
    ]
  )
control item 1 (103 bytes) / greeting /
  24(<< / embedded item, 99 bytes /
    {
      "listing" =>
        { / listing: 0 child(ren) /
        }
      "set_len" => 0
      "version" =>
        53846(h'e0') / version 0 /
      "max_version_bytes" => 0
      "payload_depth_limit" => 256
      "target_message_size" => 1830400
    }
  >>)
control item 2 (2 bytes) / epilogue /
  "."
