---
source: tests/gossip_snapshot.rs
expression: "capture_gossip(a, b)"
---
direction A -> B
role: Responder
control item 0 (30 bytes) / preamble /
  55799( / self-described CBOR /
    [
      "rumors"
      2
      h'8c189668c9e4837237bf31e02d7f6b70'
      0
    ]
  )
control item 1 (136 bytes) / greeting /
  24(<< / embedded item, 132 bytes /
    {
      "listing" =>
        { / listing: 1 child(ren) /
          0x79 => h'5f06438950116f9d1463d15d1c3b1dadd5e17dcd5e244f29' / digest /
        }
      "set_len" => 2
      "version" =>
        53846(h'400fff001ff9') / causal version, event tree: (0, 2046, 0) /
      "max_version_bytes" => 3
      "payload_depth_limit" => 256
      "target_message_size" => 1830400
    }
  >>)
control item 2 (2 bytes) / epilogue /
  "."
Responder stream 0 (height 31), epoch 0, 40 wire bytes
  frame 0 (18 bytes)
    [
      0 / stream /
      6 / Supply(Continue) /
      63(<< / supply run, 1 record(s), 12 bytes /
        63(<< / record, 2 item(s), 9 bytes /
          53846(h'437069') / causal version, event tree: (0, 26, 0) /
          25
        >>)
      >>)
    ]
  frame 1 (17 bytes)
    [
      0 / stream /
      7 / Supply(End) /
      63(<< / supply run, 1 record(s), 11 bytes /
        63(<< / record, 2 item(s), 8 bytes /
          53846(h'42b051') / causal version, event tree: (0, 20, 0) /
          19
        >>)
      >>)
    ]
  frame 2 (3 bytes)
    [
      0 / stream /
      9 / End(Stream) /
    ]

direction B -> A
role: Initiator
control item 0 (30 bytes) / preamble /
  55799( / self-described CBOR /
    [
      "rumors"
      2
      h'8c189668c9e4837237bf31e02d7f6b70'
      0
    ]
  )
control item 1 (99 bytes) / greeting /
  24(<< / embedded item, 95 bytes /
    {
      "listing" =>
        { / listing: 0 child(ren) /
        }
      "set_len" => 0
      "version" =>
        53846(h'e0') / causal version, event tree: 0 /
      "max_version_bytes" => 0
      "payload_depth_limit" => 256
      "target_message_size" => 0
    }
  >>)
control item 2 (2 bytes) / epilogue /
  "."
