---
source: tests/gossip_snapshot.rs
expression: capture
---
direction A -> B
role: Initiator
control item 0 (30 bytes) / preamble /
  55799( / self-described CBOR /
    [
      "rumors"
      2
      h'8c189668c9e4837237bf31e02d7f6b70'
      0
    ]
  )
control item 1 (137 bytes) / greeting /
  24(<< / embedded item, 133 bytes /
    {
      "listing" =>
        { / listing: 1 child(ren) /
          0x8e => h'3ddb8ec8897a61fed8827fda50bea5f4ec959f2ab9cf4826' / digest /
        }
      "set_len" => 2
      "version" =>
        53846(h'4002003000fff4') / causal version, event tree: (1, 4095, 0) /
      "max_version_bytes" => 5
      "payload_depth_limit" => 256
      "target_message_size" => 1830400
    }
  >>)
control item 2 (2 bytes) / epilogue /
  "."
Initiator stream 0 (height 31), epoch 0, 25 wire bytes
  frame 0 (20 bytes)
    [
      0 / stream /
      7 / Supply(End) /
      63(<< / supply run, 1 record(s), 14 bytes /
        63(<< / record, 2 item(s), 11 bytes /
          53846(h'4073403910') / causal version, event tree: (1, 228, 0) /
          229
        >>)
      >>)
    ]
  frame 1 (3 bytes)
    [
      0 / stream /
      9 / End(Stream) /
    ]
Initiator stream 1 (height 30), epoch 0, 8 wire bytes
  frame 0 (3 bytes)
    [
      1 / stream /
      8 / End(Reply) /
    ]
  frame 1 (3 bytes)
    [
      1 / stream /
      9 / End(Stream) /
    ]

direction B -> A
role: Responder
control item 0 (30 bytes) / preamble /
  55799( / self-described CBOR /
    [
      "rumors"
      2
      h'8c189668c9e4837237bf31e02d7f6b70'
      0
    ]
  )
control item 1 (189 bytes) / greeting /
  24(<< / embedded item, 185 bytes /
    {
      "listing" =>
        { / listing: 3 child(ren) /
          0x1e => h'ea962c263b019bd428a49dbac092f24ffb46a14a869077e0' / digest /
          0x21 => h'4e79398dd559d56b1b8353d7724c44d431918c96b4876923' / digest /
          0x8f => h'26ae24b07cd93ba2329a78559e9b77e820f8a3e9b99d928a' / digest /
        }
      "set_len" => 3
      "version" =>
        53846(h'541ec0') / causal version, event tree: (1, 0, 30) /
      "max_version_bytes" => 2
      "payload_depth_limit" => 256
      "target_message_size" => 1830400
    }
  >>)
control item 2 (2 bytes) / epilogue /
  "."
Responder stream 0 (height 31), epoch 0, 62 wire bytes
  frame 0 (18 bytes)
    [
      0 / stream /
      6 / Supply(Continue) /
      63(<< / supply run, 1 record(s), 12 bytes /
        63(<< / record, 2 item(s), 9 bytes /
          53846(h'54b0') / causal version, event tree: (1, 0, 2) /
          10000
        >>)
      >>)
    ]
  frame 1 (18 bytes)
    [
      0 / stream /
      6 / Supply(Continue) /
      63(<< / supply run, 1 record(s), 12 bytes /
        63(<< / record, 2 item(s), 9 bytes /
          53846(h'54f0') / causal version, event tree: (1, 0, 3) /
          10001
        >>)
      >>)
    ]
  frame 2 (3 bytes)
    [
      0 / stream /
      2 / QueryEmpty(Continue) /
    ]
  frame 3 (18 bytes)
    [
      0 / stream /
      7 / Supply(End) /
      63(<< / supply run, 1 record(s), 12 bytes /
        63(<< / record, 2 item(s), 9 bytes /
          53846(h'544c') / causal version, event tree: (1, 0, 4) /
          10002
        >>)
      >>)
    ]
  frame 4 (3 bytes)
    [
      0 / stream /
      9 / End(Stream) /
    ]
