---
source: tests/gossip_snapshot.rs
expression: "capture_gossip(a, b)"
---
direction A -> B
role: Responder
control item 0 (30 bytes) / preamble /
  55799( / self-described CBOR /
    [
      "rumors"
      2
      h'8c189668c9e4837237bf31e02d7f6b70'
      0
    ]
  )
control item 1 (160 bytes) / greeting /
  24(<< / embedded item, 156 bytes /
    {
      "listing" =>
        { / listing: 2 child(ren) /
          0x64 => h'bb28d1c9e9fa40672e21164802bc8e7a23eb03126468e82c' / digest /
          0x7c => h'f53f9477309788c6ed8834008f394a3be5f212959fac55fa' / digest /
        }
      "set_len" => 2
      "version" =>
        53846(h'4b24') / causal version, event tree: (2, 2, 0) /
      "max_version_bytes" => 2
      "payload_depth_limit" => 256
      "target_message_size" => 1830400
    }
  >>)
control item 2 (2 bytes) / epilogue /
  "."
Responder stream 0 (height 31), epoch 0, 27 wire bytes
  frame 0 (16 bytes)
    [
      0 / stream /
      6 / Supply(Continue) /
      63(<< / supply run, 1 record(s), 10 bytes /
        63(<< / record, 2 item(s), 7 bytes /
          53846(h'4950') / causal version, event tree: (2, 1, 0) /
          3
        >>)
      >>)
    ]
  frame 1 (3 bytes)
    [
      0 / stream /
      2 / QueryEmpty(Continue) /
    ]
  frame 2 (3 bytes)
    [
      0 / stream /
      3 / QueryEmpty(End) /
    ]
  frame 3 (3 bytes)
    [
      0 / stream /
      9 / End(Stream) /
    ]

direction B -> A
role: Initiator
control item 0 (30 bytes) / preamble /
  55799( / self-described CBOR /
    [
      "rumors"
      2
      h'8c189668c9e4837237bf31e02d7f6b70'
      0
    ]
  )
control item 1 (160 bytes) / greeting /
  24(<< / embedded item, 156 bytes /
    {
      "listing" =>
        { / listing: 2 child(ren) /
          0x9a => h'cca7fd1fe957c5267ce159c8f3fe95bc4f496f6b2fb5fa39' / digest /
          0xe7 => h'c9b78024d3d0ad1a5523b4ac969d289fee0651305c416d72' / digest /
        }
      "set_len" => 2
      "version" =>
        53846(h'5cb0') / causal version, event tree: (2, 0, 2) /
      "max_version_bytes" => 2
      "payload_depth_limit" => 256
      "target_message_size" => 1830400
    }
  >>)
control item 2 (2 bytes) / epilogue /
  "."
Initiator stream 0 (height 31), epoch 0, 21 wire bytes
  frame 0 (16 bytes)
    [
      0 / stream /
      7 / Supply(End) /
      63(<< / supply run, 1 record(s), 10 bytes /
        63(<< / record, 2 item(s), 7 bytes /
          53846(h'5dc0') / causal version, event tree: (2, 0, 1) /
          4
        >>)
      >>)
    ]
  frame 1 (3 bytes)
    [
      0 / stream /
      9 / End(Stream) /
    ]
Initiator stream 1 (height 30), epoch 0, 11 wire bytes
  frame 0 (3 bytes)
    [
      1 / stream /
      8 / End(Reply) /
    ]
  frame 1 (3 bytes)
    [
      1 / stream /
      8 / End(Reply) /
    ]
  frame 2 (3 bytes)
    [
      1 / stream /
      9 / End(Stream) /
    ]
