---
source: tests/retire_snapshot.rs
expression: capture
---
direction A -> B
control item 0 (30 bytes) / preamble /
  55799( / self-described CBOR /
    [
      "rumors"
      2
      h'8c189668c9e4837237bf31e02d7f6b70'
      1
    ]
  )
control item 1 (2 bytes) / epilogue /
  "."

direction B -> A
control item 0 (30 bytes) / preamble /
  55799( / self-described CBOR /
    [
      "rumors"
      2
      h'8c189668c9e4837237bf31e02d7f6b70'
      1
    ]
  )
control item 1 (2 bytes) / epilogue /
  "."
