---
source: tests/retire_snapshot.rs
expression: "capture_retire(seed, retiree)"
---
direction A -> B
control item 0 (30 bytes) / preamble /
  55799( / self-described CBOR /
    [
      "rumors"
      2
      h'8c189668c9e4837237bf31e02d7f6b70'
      0
    ]
  )
control item 1 (103 bytes) / greeting /
  24(<< / embedded item, 99 bytes /
    {
      "listing" =>
        { / listing: 0 child(ren) /
        }
      "set_len" => 0
      "version" =>
        53846(h'e0') / causal version, event tree: 0 /
      "max_version_bytes" => 0
      "payload_depth_limit" => 256
      "target_message_size" => 1830400
    }
  >>)
control item 2 (2 bytes) / epilogue /
  "."

direction B -> A
control item 0 (30 bytes) / preamble /
  55799( / self-described CBOR /
    [
      "rumors"
      2
      h'8c189668c9e4837237bf31e02d7f6b70'
      1
    ]
  )
control item 1 (103 bytes) / greeting /
  24(<< / embedded item, 99 bytes /
    {
      "listing" =>
        { / listing: 0 child(ren) /
        }
      "set_len" => 0
      "version" =>
        53846(h'e0') / causal version, event tree: 0 /
      "max_version_bytes" => 0
      "payload_depth_limit" => 256
      "target_message_size" => 1830400
    }
  >>)
control item 2 (5 bytes) / party hand-off /
  53845(h'48') / party /
control item 3 (2 bytes) / epilogue /
  "."
